// Jest Snapshot v1, https://goo.gl/fbAQLP

exports[`basic / contains EN text, link to /fr/ & link /about-us 1`] = `
"<!doctype html>
<html data-n-head-ssr lang=\\"en-US\\" data-n-head=\\"lang\\">
  <head data-n-head=\\"\\">
    <title data-n-head=\\"true\\"></title><meta data-n-head=\\"true\\" data-hid=\\"og:locale\\" name=\\"og:locale\\" property=\\"og:locale\\" content=\\"en_US\\"/><meta data-n-head=\\"true\\" data-hid=\\"og:locale:alternate-fr-FR\\" name=\\"og:locale:alternate\\" property=\\"og:locale:alternate\\" content=\\"fr_FR\\"/><link data-n-head=\\"true\\" data-hid=\\"alternate-hreflang-en-US\\" rel=\\"alternate\\" href=\\"nuxt-app.localhost/\\" hreflang=\\"en-US\\"/><link data-n-head=\\"true\\" data-hid=\\"alternate-hreflang-fr-FR\\" rel=\\"alternate\\" href=\\"nuxt-app.localhost/fr\\" hreflang=\\"fr-FR\\"/><style data-vue-ssr-id=\\"2e0b3d07:0\\">.nuxt-progress{position:fixed;top:0;left:0;right:0;height:2px;width:0;opacity:1;transition:width .1s,opacity .4s;background-color:#000;z-index:1}.nuxt-progress.nuxt-progress-notransition{transition:none}.nuxt-progress-failed{background-color:red}</style>
  </head>
  <body data-n-head=\\"\\">
    <div data-server-rendered=\\"true\\" id=\\"__nuxt\\"><!----><div id=\\"__layout\\"><div><div><!----><a href=\\"/fr\\">Français</a></div>
  Homepage
  <a href=\\"/about-us\\">About us</a></div></div></div>
  </body>
</html>
"
`;

exports[`basic /about-us contains EN text, link to /fr/a-propos & link / 1`] = `
"<!doctype html>
<html data-n-head-ssr lang=\\"en-US\\" data-n-head=\\"lang\\">
  <head data-n-head=\\"\\">
    <title data-n-head=\\"true\\"></title><meta data-n-head=\\"true\\" data-hid=\\"og:locale\\" name=\\"og:locale\\" property=\\"og:locale\\" content=\\"en_US\\"/><meta data-n-head=\\"true\\" data-hid=\\"og:locale:alternate-fr-FR\\" name=\\"og:locale:alternate\\" property=\\"og:locale:alternate\\" content=\\"fr_FR\\"/><link data-n-head=\\"true\\" data-hid=\\"alternate-hreflang-en-US\\" rel=\\"alternate\\" href=\\"nuxt-app.localhost/about-us\\" hreflang=\\"en-US\\"/><link data-n-head=\\"true\\" data-hid=\\"alternate-hreflang-fr-FR\\" rel=\\"alternate\\" href=\\"nuxt-app.localhost/fr/a-propos\\" hreflang=\\"fr-FR\\"/><style data-vue-ssr-id=\\"2e0b3d07:0\\">.nuxt-progress{position:fixed;top:0;left:0;right:0;height:2px;width:0;opacity:1;transition:width .1s,opacity .4s;background-color:#000;z-index:1}.nuxt-progress.nuxt-progress-notransition{transition:none}.nuxt-progress-failed{background-color:red}</style>
  </head>
  <body data-n-head=\\"\\">
    <div data-server-rendered=\\"true\\" id=\\"__nuxt\\"><!----><div id=\\"__layout\\"><div><div><!----><a href=\\"/fr/a-propos\\">Français</a></div>
  About us
  <a href=\\"/\\">Homepage</a></div></div></div>
  </body>
</html>
"
`;

exports[`basic /dynamicNested/1/2/3 contains link to /fr/imbrication-dynamique/1/2/3 1`] = `
"<!doctype html>
<html data-n-head-ssr lang=\\"en-US\\" data-n-head=\\"lang\\">
  <head data-n-head=\\"\\">
    <title data-n-head=\\"true\\"></title><meta data-n-head=\\"true\\" data-hid=\\"og:locale\\" name=\\"og:locale\\" property=\\"og:locale\\" content=\\"en_US\\"/><meta data-n-head=\\"true\\" data-hid=\\"og:locale:alternate-fr-FR\\" name=\\"og:locale:alternate\\" property=\\"og:locale:alternate\\" content=\\"fr_FR\\"/><link data-n-head=\\"true\\" data-hid=\\"alternate-hreflang-en-US\\" rel=\\"alternate\\" href=\\"nuxt-app.localhost/dynamicNested/1/2/3\\" hreflang=\\"en-US\\"/><link data-n-head=\\"true\\" data-hid=\\"alternate-hreflang-fr-FR\\" rel=\\"alternate\\" href=\\"nuxt-app.localhost/fr/imbrication-dynamique/1/2/3\\" hreflang=\\"fr-FR\\"/><style data-vue-ssr-id=\\"2e0b3d07:0\\">.nuxt-progress{position:fixed;top:0;left:0;right:0;height:2px;width:0;opacity:1;transition:width .1s,opacity .4s;background-color:#000;z-index:1}.nuxt-progress.nuxt-progress-notransition{transition:none}.nuxt-progress-failed{background-color:red}</style>
  </head>
  <body data-n-head=\\"\\">
    <div data-server-rendered=\\"true\\" id=\\"__nuxt\\"><!----><div id=\\"__layout\\"><div>
  Category 1
  <div><div>Subcategory 2</div> <div>Post 3</div> <div><!----><a href=\\"/fr/imbrication-dynamique/1/2/3\\">Français</a></div></div></div></div></div>
  </body>
</html>
"
`;

exports[`basic /fr contains FR text, link to / & link to /fr/a-propos 1`] = `
"<!doctype html>
<html data-n-head-ssr lang=\\"fr-FR\\" data-n-head=\\"lang\\">
  <head data-n-head=\\"\\">
    <title data-n-head=\\"true\\"></title><meta data-n-head=\\"true\\" data-hid=\\"og:locale\\" name=\\"og:locale\\" property=\\"og:locale\\" content=\\"fr_FR\\"/><meta data-n-head=\\"true\\" data-hid=\\"og:locale:alternate-en-US\\" name=\\"og:locale:alternate\\" property=\\"og:locale:alternate\\" content=\\"en_US\\"/><link data-n-head=\\"true\\" data-hid=\\"alternate-hreflang-en-US\\" rel=\\"alternate\\" href=\\"nuxt-app.localhost/\\" hreflang=\\"en-US\\"/><link data-n-head=\\"true\\" data-hid=\\"alternate-hreflang-fr-FR\\" rel=\\"alternate\\" href=\\"nuxt-app.localhost/fr\\" hreflang=\\"fr-FR\\"/><style data-vue-ssr-id=\\"2e0b3d07:0\\">.nuxt-progress{position:fixed;top:0;left:0;right:0;height:2px;width:0;opacity:1;transition:width .1s,opacity .4s;background-color:#000;z-index:1}.nuxt-progress.nuxt-progress-notransition{transition:none}.nuxt-progress-failed{background-color:red}</style>
  </head>
  <body data-n-head=\\"\\">
    <div data-server-rendered=\\"true\\" id=\\"__nuxt\\"><!----><div id=\\"__layout\\"><div><div><a href=\\"/\\">English</a><!----></div>
  Accueil
  <a href=\\"/fr/a-propos\\">À propos</a></div></div></div>
  </body>
</html>
"
`;

exports[`basic /fr/a-propos contains FR text, link to /about-us & link to /fr/ 1`] = `
"<!doctype html>
<html data-n-head-ssr lang=\\"fr-FR\\" data-n-head=\\"lang\\">
  <head data-n-head=\\"\\">
    <title data-n-head=\\"true\\"></title><meta data-n-head=\\"true\\" data-hid=\\"og:locale\\" name=\\"og:locale\\" property=\\"og:locale\\" content=\\"fr_FR\\"/><meta data-n-head=\\"true\\" data-hid=\\"og:locale:alternate-en-US\\" name=\\"og:locale:alternate\\" property=\\"og:locale:alternate\\" content=\\"en_US\\"/><link data-n-head=\\"true\\" data-hid=\\"alternate-hreflang-en-US\\" rel=\\"alternate\\" href=\\"nuxt-app.localhost/about-us\\" hreflang=\\"en-US\\"/><link data-n-head=\\"true\\" data-hid=\\"alternate-hreflang-fr-FR\\" rel=\\"alternate\\" href=\\"nuxt-app.localhost/fr/a-propos\\" hreflang=\\"fr-FR\\"/><style data-vue-ssr-id=\\"2e0b3d07:0\\">.nuxt-progress{position:fixed;top:0;left:0;right:0;height:2px;width:0;opacity:1;transition:width .1s,opacity .4s;background-color:#000;z-index:1}.nuxt-progress.nuxt-progress-notransition{transition:none}.nuxt-progress-failed{background-color:red}</style>
  </head>
  <body data-n-head=\\"\\">
    <div data-server-rendered=\\"true\\" id=\\"__nuxt\\"><!----><div id=\\"__layout\\"><div><div><a href=\\"/about-us\\">English</a><!----></div>
  À propos
  <a href=\\"/fr\\">Accueil</a></div></div></div>
  </body>
</html>
"
`;

exports[`basic /fr/imbrication-dynamique/1/2/3 contains link to /dynamicNested/1/2/3 1`] = `
"<!doctype html>
<html data-n-head-ssr lang=\\"fr-FR\\" data-n-head=\\"lang\\">
  <head data-n-head=\\"\\">
    <title data-n-head=\\"true\\"></title><meta data-n-head=\\"true\\" data-hid=\\"og:locale\\" name=\\"og:locale\\" property=\\"og:locale\\" content=\\"fr_FR\\"/><meta data-n-head=\\"true\\" data-hid=\\"og:locale:alternate-en-US\\" name=\\"og:locale:alternate\\" property=\\"og:locale:alternate\\" content=\\"en_US\\"/><link data-n-head=\\"true\\" data-hid=\\"alternate-hreflang-en-US\\" rel=\\"alternate\\" href=\\"nuxt-app.localhost/dynamicNested/1/2/3\\" hreflang=\\"en-US\\"/><link data-n-head=\\"true\\" data-hid=\\"alternate-hreflang-fr-FR\\" rel=\\"alternate\\" href=\\"nuxt-app.localhost/fr/imbrication-dynamique/1/2/3\\" hreflang=\\"fr-FR\\"/><style data-vue-ssr-id=\\"2e0b3d07:0\\">.nuxt-progress{position:fixed;top:0;left:0;right:0;height:2px;width:0;opacity:1;transition:width .1s,opacity .4s;background-color:#000;z-index:1}.nuxt-progress.nuxt-progress-notransition{transition:none}.nuxt-progress-failed{background-color:red}</style>
  </head>
  <body data-n-head=\\"\\">
    <div data-server-rendered=\\"true\\" id=\\"__nuxt\\"><!----><div id=\\"__layout\\"><div>
  Category 1
  <div><div>Subcategory 2</div> <div>Post 3</div> <div><a href=\\"/dynamicNested/1/2/3\\">English</a><!----></div></div></div></div></div>
  </body>
</html>
"
`;

exports[`basic /fr/notlocalized contains FR text 1`] = `
"<!doctype html>
<html data-n-head-ssr lang=\\"en-US\\" data-n-head=\\"lang\\">
  <head data-n-head=\\"\\">
    <title data-n-head=\\"true\\"></title><meta data-n-head=\\"true\\" data-hid=\\"og:locale\\" name=\\"og:locale\\" property=\\"og:locale\\" content=\\"en_US\\"/><meta data-n-head=\\"true\\" data-hid=\\"og:locale:alternate-fr-FR\\" name=\\"og:locale:alternate\\" property=\\"og:locale:alternate\\" content=\\"fr_FR\\"/><link data-n-head=\\"true\\" data-hid=\\"alternate-hreflang-en-US\\" rel=\\"alternate\\" href=\\"nuxt-app.localhost/fr/notlocalized\\" hreflang=\\"en-US\\"/><link data-n-head=\\"true\\" data-hid=\\"alternate-hreflang-fr-FR\\" rel=\\"alternate\\" href=\\"nuxt-app.localhost/fr/notlocalized\\" hreflang=\\"fr-FR\\"/><style data-vue-ssr-id=\\"2e0b3d07:0\\">.nuxt-progress{position:fixed;top:0;left:0;right:0;height:2px;width:0;opacity:1;transition:width .1s,opacity .4s;background-color:#000;z-index:1}.nuxt-progress.nuxt-progress-notransition{transition:none}.nuxt-progress-failed{background-color:red}</style>
  </head>
  <body data-n-head=\\"\\">
    <div data-server-rendered=\\"true\\" id=\\"__nuxt\\"><!----><div id=\\"__layout\\"><div>
  FR only
</div></div></div>
  </body>
</html>
"
`;

exports[`basic /fr/posts contains FR text, link to /posts/ & link to /fr/posts/my-slug 1`] = `
"<!doctype html>
<html data-n-head-ssr lang=\\"fr-FR\\" data-n-head=\\"lang\\">
  <head data-n-head=\\"\\">
    <title data-n-head=\\"true\\"></title><meta data-n-head=\\"true\\" data-hid=\\"og:locale\\" name=\\"og:locale\\" property=\\"og:locale\\" content=\\"fr_FR\\"/><meta data-n-head=\\"true\\" data-hid=\\"og:locale:alternate-en-US\\" name=\\"og:locale:alternate\\" property=\\"og:locale:alternate\\" content=\\"en_US\\"/><link data-n-head=\\"true\\" data-hid=\\"alternate-hreflang-en-US\\" rel=\\"alternate\\" href=\\"nuxt-app.localhost/posts/\\" hreflang=\\"en-US\\"/><link data-n-head=\\"true\\" data-hid=\\"alternate-hreflang-fr-FR\\" rel=\\"alternate\\" href=\\"nuxt-app.localhost/fr/posts/\\" hreflang=\\"fr-FR\\"/><style data-vue-ssr-id=\\"2e0b3d07:0\\">.nuxt-progress{position:fixed;top:0;left:0;right:0;height:2px;width:0;opacity:1;transition:width .1s,opacity .4s;background-color:#000;z-index:1}.nuxt-progress.nuxt-progress-notransition{transition:none}.nuxt-progress-failed{background-color:red}</style>
  </head>
  <body data-n-head=\\"\\">
    <div data-server-rendered=\\"true\\" id=\\"__nuxt\\"><!----><div id=\\"__layout\\"><div><div><a href=\\"/posts/\\">English</a><!----></div>
  Articles
  <div><a href=\\"/fr/posts/my-slug\\">my-slug</a></div></div></div></div>
  </body>
</html>
"
`;

exports[`basic /fr/posts/my-slug contains FR text, post's slug, link to /posts/my-slug & link to /fr/posts/ 1`] = `
"<!doctype html>
<html data-n-head-ssr lang=\\"fr-FR\\" data-n-head=\\"lang\\">
  <head data-n-head=\\"\\">
    <title data-n-head=\\"true\\"></title><meta data-n-head=\\"true\\" data-hid=\\"og:locale\\" name=\\"og:locale\\" property=\\"og:locale\\" content=\\"fr_FR\\"/><meta data-n-head=\\"true\\" data-hid=\\"og:locale:alternate-en-US\\" name=\\"og:locale:alternate\\" property=\\"og:locale:alternate\\" content=\\"en_US\\"/><link data-n-head=\\"true\\" data-hid=\\"alternate-hreflang-en-US\\" rel=\\"alternate\\" href=\\"nuxt-app.localhost/posts/my-slug\\" hreflang=\\"en-US\\"/><link data-n-head=\\"true\\" data-hid=\\"alternate-hreflang-fr-FR\\" rel=\\"alternate\\" href=\\"nuxt-app.localhost/fr/posts/my-slug\\" hreflang=\\"fr-FR\\"/><style data-vue-ssr-id=\\"2e0b3d07:0\\">.nuxt-progress{position:fixed;top:0;left:0;right:0;height:2px;width:0;opacity:1;transition:width .1s,opacity .4s;background-color:#000;z-index:1}.nuxt-progress.nuxt-progress-notransition{transition:none}.nuxt-progress-failed{background-color:red}</style>
  </head>
  <body data-n-head=\\"\\">
    <div data-server-rendered=\\"true\\" id=\\"__nuxt\\"><!----><div id=\\"__layout\\"><div><div><a href=\\"/posts/my-slug\\">English</a><!----></div>
  Articles
  <div><h1>my-slug</h1> <a href=\\"/fr/posts/\\">index</a></div></div></div></div>
  </body>
</html>
"
`;

exports[`basic /posts contains EN text, link to /fr/posts/ & link to /posts/my-slug 1`] = `
"<!doctype html>
<html data-n-head-ssr lang=\\"en-US\\" data-n-head=\\"lang\\">
  <head data-n-head=\\"\\">
    <title data-n-head=\\"true\\"></title><meta data-n-head=\\"true\\" data-hid=\\"og:locale\\" name=\\"og:locale\\" property=\\"og:locale\\" content=\\"en_US\\"/><meta data-n-head=\\"true\\" data-hid=\\"og:locale:alternate-fr-FR\\" name=\\"og:locale:alternate\\" property=\\"og:locale:alternate\\" content=\\"fr_FR\\"/><link data-n-head=\\"true\\" data-hid=\\"alternate-hreflang-en-US\\" rel=\\"alternate\\" href=\\"nuxt-app.localhost/posts/\\" hreflang=\\"en-US\\"/><link data-n-head=\\"true\\" data-hid=\\"alternate-hreflang-fr-FR\\" rel=\\"alternate\\" href=\\"nuxt-app.localhost/fr/posts/\\" hreflang=\\"fr-FR\\"/><style data-vue-ssr-id=\\"2e0b3d07:0\\">.nuxt-progress{position:fixed;top:0;left:0;right:0;height:2px;width:0;opacity:1;transition:width .1s,opacity .4s;background-color:#000;z-index:1}.nuxt-progress.nuxt-progress-notransition{transition:none}.nuxt-progress-failed{background-color:red}</style>
  </head>
  <body data-n-head=\\"\\">
    <div data-server-rendered=\\"true\\" id=\\"__nuxt\\"><!----><div id=\\"__layout\\"><div><div><!----><a href=\\"/fr/posts/\\">Français</a></div>
  Posts
  <div><a href=\\"/posts/my-slug\\">my-slug</a></div></div></div></div>
  </body>
</html>
"
`;

exports[`basic /posts/my-slug contains EN text, post's slug, link to /fr/posts/my-slug & link to /posts/ 1`] = `
"<!doctype html>
<html data-n-head-ssr lang=\\"en-US\\" data-n-head=\\"lang\\">
  <head data-n-head=\\"\\">
    <title data-n-head=\\"true\\"></title><meta data-n-head=\\"true\\" data-hid=\\"og:locale\\" name=\\"og:locale\\" property=\\"og:locale\\" content=\\"en_US\\"/><meta data-n-head=\\"true\\" data-hid=\\"og:locale:alternate-fr-FR\\" name=\\"og:locale:alternate\\" property=\\"og:locale:alternate\\" content=\\"fr_FR\\"/><link data-n-head=\\"true\\" data-hid=\\"alternate-hreflang-en-US\\" rel=\\"alternate\\" href=\\"nuxt-app.localhost/posts/my-slug\\" hreflang=\\"en-US\\"/><link data-n-head=\\"true\\" data-hid=\\"alternate-hreflang-fr-FR\\" rel=\\"alternate\\" href=\\"nuxt-app.localhost/fr/posts/my-slug\\" hreflang=\\"fr-FR\\"/><style data-vue-ssr-id=\\"2e0b3d07:0\\">.nuxt-progress{position:fixed;top:0;left:0;right:0;height:2px;width:0;opacity:1;transition:width .1s,opacity .4s;background-color:#000;z-index:1}.nuxt-progress.nuxt-progress-notransition{transition:none}.nuxt-progress-failed{background-color:red}</style>
  </head>
  <body data-n-head=\\"\\">
    <div data-server-rendered=\\"true\\" id=\\"__nuxt\\"><!----><div id=\\"__layout\\"><div><div><!----><a href=\\"/fr/posts/my-slug\\">Français</a></div>
  Posts
  <div><h1>my-slug</h1> <a href=\\"/posts/\\">index</a></div></div></div></div>
  </body>
</html>
"
`;

exports[`basic sets SEO metadata properly 1`] = `
"
    <title data-n-head=\\"true\\"></title><meta data-n-head=\\"true\\" data-hid=\\"og:locale\\" name=\\"og:locale\\" property=\\"og:locale\\" content=\\"en_US\\"/><meta data-n-head=\\"true\\" data-hid=\\"og:locale:alternate-fr-FR\\" name=\\"og:locale:alternate\\" property=\\"og:locale:alternate\\" content=\\"fr_FR\\"/><link data-n-head=\\"true\\" data-hid=\\"alternate-hreflang-en-US\\" rel=\\"alternate\\" href=\\"nuxt-app.localhost/\\" hreflang=\\"en-US\\"/><link data-n-head=\\"true\\" data-hid=\\"alternate-hreflang-fr-FR\\" rel=\\"alternate\\" href=\\"nuxt-app.localhost/fr\\" hreflang=\\"fr-FR\\"/><style data-vue-ssr-id=\\"2e0b3d07:0\\">.nuxt-progress{position:fixed;top:0;left:0;right:0;height:2px;width:0;opacity:1;transition:width .1s,opacity .4s;background-color:#000;z-index:1}.nuxt-progress.nuxt-progress-notransition{transition:none}.nuxt-progress-failed{background-color:red}</style>
  "
`;
