// Vitest Snapshot v1

exports[`component > dynamic route 1`] = `
[
  {
    "children": [],
    "name": "articles-name___fr",
    "path": "/fr/articles/:name",
  },
]
`;

exports[`component > simple 1`] = `
[
  {
    "children": [],
    "path": "/ja/about",
  },
  {
    "children": [],
    "path": "/fr/about",
  },
]
`;

exports[`configuration > nested complex route 1`] = `
[
  {
    "children": [],
    "file": "/path/to/nuxt-app/pages/about/index.vue",
    "name": "about___en",
    "path": "/about",
  },
  {
    "children": [],
    "file": "/path/to/nuxt-app/pages/about/index.vue",
    "name": "about___ja",
    "path": "/ja/about",
  },
  {
    "children": [],
    "file": "/path/to/nuxt-app/pages/services/development/app/index.vue",
    "name": "services-development-app___en",
    "path": "/services/development/app",
  },
  {
    "children": [],
    "file": "/path/to/nuxt-app/pages/services/development/app/index.vue",
    "name": "services-development-app___ja",
    "path": "/ja/services/development/app",
  },
  {
    "children": [],
    "file": "/path/to/nuxt-app/pages/services/development/coaching/index.vue",
    "name": "services-development-coaching___en",
    "path": "/services/development/coaching",
  },
  {
    "children": [],
    "file": "/path/to/nuxt-app/pages/services/development/coaching/index.vue",
    "name": "services-development-coaching___ja",
    "path": "/ja/services/development/coaching",
  },
  {
    "children": [],
    "file": "/path/to/nuxt-app/pages/services/development/coaching/index.vue",
    "name": "services-development-coaching___fr",
    "path": "/fr/services/development/coaching",
  },
  {
    "children": [],
    "file": "/path/to/nuxt-app/pages/services/development/index.vue",
    "name": "services-development___en",
    "path": "/services/development",
  },
  {
    "children": [],
    "file": "/path/to/nuxt-app/pages/services/development/index.vue",
    "name": "services-development___ja",
    "path": "/ja/services/development",
  },
  {
    "children": [],
    "file": "/path/to/nuxt-app/pages/services/development/website/index.vue",
    "name": "services-development-website___en",
    "path": "/services/development/website",
  },
  {
    "children": [],
    "file": "/path/to/nuxt-app/pages/services/development/website/index.vue",
    "name": "services-development-website___ja",
    "path": "/ja/services/development/website",
  },
  {
    "children": [],
    "file": "/path/to/nuxt-app/pages/services/index.vue",
    "name": "services___en",
    "path": "/services",
  },
  {
    "children": [],
    "file": "/path/to/nuxt-app/pages/services/index.vue",
    "name": "services___ja",
    "path": "/ja/services",
  },
]
`;

exports[`configuration > nested dynamic route 1`] = `
[
  {
    "children": [],
    "file": "/path/to/nuxt-app/pages/[nested]/[route]/[...slug].vue",
    "name": "nested-route-slug___ja",
    "path": "/ja/:nested/:route/:slug(.*)*",
  },
  {
    "children": [],
    "file": "/path/to/nuxt-app/pages/[nested]/[route]/[...slug].vue",
    "name": "nested-route-slug___fr",
    "path": "/fr/:nested/:route/:slug(.*)*",
  },
  {
    "children": [],
    "file": "/path/to/nuxt-app/pages/[nested]/[route]/index.vue",
    "name": "nested-route___ja",
    "path": "/ja/:nested/:route",
  },
  {
    "children": [],
    "file": "/path/to/nuxt-app/pages/[nested]/[route]/index.vue",
    "name": "nested-route___fr",
    "path": "/fr/:nested/:route",
  },
]
`;

exports[`configuration > nested static route 1`] = `
[
  {
    "children": [],
    "file": "/path/to/nuxt-app/pages/nested/route/index.vue",
    "name": "nested-route___ja",
    "path": "/ja/nested/route",
  },
  {
    "children": [],
    "file": "/path/to/nuxt-app/pages/nested/route/index.vue",
    "name": "nested-route___fr",
    "path": "/fr/nested/route",
  },
]
`;

exports[`configuration > simple 1`] = `
[
  {
    "children": [
      {
        "children": [],
        "file": "/path/to/nuxt-app/pages/about/index.vue",
        "name": "about___en",
        "path": "",
      },
    ],
    "file": "/path/to/nuxt-app/pages/about.vue",
    "path": "/about",
  },
  {
    "children": [
      {
        "children": [],
        "file": "/path/to/nuxt-app/pages/about/index.vue",
        "name": "about___fr",
        "path": "",
      },
    ],
    "file": "/path/to/nuxt-app/pages/about.vue",
    "path": "/fr/about",
  },
  {
    "children": [],
    "file": "/path/to/nuxt-app/pages/index.vue",
    "name": "index___en",
    "path": "/",
  },
  {
    "children": [],
    "file": "/path/to/nuxt-app/pages/index.vue",
    "name": "index___ja",
    "path": "/ja",
  },
  {
    "children": [],
    "file": "/path/to/nuxt-app/pages/index.vue",
    "name": "index___fr",
    "path": "/fr",
  },
]
`;
