// Vitest Snapshot v1, https://vitest.dev/guide/snapshot.html

exports[`success > config 1`] = `
"export default {
  \\"ja\\": {
  \\"hello\\": (ctx) => {const { normalize: _normalize } = ctx;return _normalize([\\"こんにちは\\"])}
},
}
"
`;

exports[`success > locale 1`] = `
"const resource = {
  \\"hello\\": (ctx) => {const { normalize: _normalize } = ctx;return _normalize([\\"Hello\\"])}
}
export default resource"
`;
